<html>
<body>
<pre>
<h1>µVision Build Log</h1>
<h2>Tool Versions:</h2>
IDE-Version: ¦ÌVision V5.14.0.0
Copyright (C) 2015 ARM Ltd and ARM Germany GmbH. All rights reserved.
License Information: peng potter, hirain, LIC=14HGK-ZNM4F-KBZER-KBEJB-3BTKM-BBE9W
 
Tool Versions:
Toolchain:       MDK-ARM Standard  Version: 5.14.0.0
Toolchain Path:  C:\Keil_v5\ARM\ARMCC\Bin
C Compiler:      Armcc.exe V5.05 update 1 (build 106)
Assembler:       Armasm.exe V5.05 update 1 (build 106)
Linker/Locator:  ArmLink.exe V5.05 update 1 (build 106)
Library Manager: ArmAr.exe V5.05 update 1 (build 106)
Hex Converter:   FromElf.exe V5.05 update 1 (build 106)
CPU DLL:         SARMCM3.DLL V5.14.0.0
Dialog DLL:      DCM.DLL V1.13.1.0
Target DLL:      STLink\ST-LINKIII-KEIL_SWO.dll V2.0.14.0_KEIL
Dialog DLL:      TCM.DLL V1.14.4.0
 
<h2>Project:</h2>
C:\Users\Peng\Dropbox\Work Space\six pulses output\Project\GPIO.uvproj
Project File Date:  10/30/2015

<h2>Output:</h2>
Rebuild target 'SOM407_GPIO'
compiling system_stm32f4xx.c...
assembling startup_stm32f4xx.s...
compiling main.c...
compiling stm32f4xx_it.c...
..\User\stm32f4xx_it.c(243): warning:  #223-D: function "circle_array_read" declared implicitly
                circle_array_read(Res);  
..\User\stm32f4xx_it.c: 1 warning, 0 errors
compiling circle_array.c...
circle_array.c(6): warning:  #940-D: missing return statement at end of non-void function "circle_array_get"
  }
circle_array.c(44): warning:  #223-D: function "array_deal" declared implicitly
                                                                                        array_deal(serial_data_array[2],serial_data_array[3],serial_data_array[5],serial_data_array[7], \
circle_array.c(59): warning:  #940-D: missing return statement at end of non-void function "array_deal"
  }
circle_array.c: 3 warnings, 0 errors
compiling misc.c...
compiling stm32f4xx_can.c...
compiling stm32f4xx_crc.c...
compiling stm32f4xx_cryp.c...
compiling stm32f4xx_cryp_aes.c...
compiling stm32f4xx_cryp_des.c...
compiling stm32f4xx_cryp_tdes.c...
compiling stm32f4xx_dbgmcu.c...
compiling stm32f4xx_dcmi.c...
compiling stm32f4xx_exti.c...
compiling stm32f4xx_fsmc.c...
compiling stm32f4xx_gpio.c...
compiling stm32f4xx_hash.c...
compiling stm32f4xx_hash_md5.c...
compiling stm32f4xx_hash_sha1.c...
compiling stm32f4xx_iwdg.c...
compiling stm32f4xx_pwr.c...
compiling stm32f4xx_rcc.c...
compiling stm32f4xx_rng.c...
compiling stm32f4xx_rtc.c...
compiling stm32f4xx_syscfg.c...
compiling stm32f4xx_tim.c...
compiling stm32f4xx_usart.c...
compiling stm32f4xx_wwdg.c...
compiling Gpio.c...
..\Driver\Gpio.c(42): warning:  #177-D: variable "i" was declared but never referenced
      uint8_t i;
..\Driver\Gpio.c: 1 warning, 0 errors
compiling usart.c...
compiling pwm.c...
linking...
Program Size: Code=9608 RO-data=424 RW-data=240 ZI-data=6672  
FromELF: creating hex file...
".\Obj\Test.axf" - 0 Error(s), 5 Warning(s).
</pre>
</body>
</html>
